2020-05-17 22:44:45,324 - INFO - ------运行日志------
2020-05-17 22:44:45,324 - INFO - 22:44:45 奖状生成器初始化成功
2020-05-17 22:44:52,678 - INFO - 22:44:45 成功导入名单：/Users/q466714/Desktop/Others-02-Certificates-Generator/name_list_example.txt
2020-05-17 22:44:56,697 - INFO - 22:44:45 成功导入PPT：/Users/q466714/Desktop/Others-02-Certificates-Generator/pptx_example.pptx
2020-05-17 22:44:58,714 - INFO - 22:44:45 成功将 廖骏豪 转换为 Junhao Liao
2020-05-17 22:44:58,715 - INFO - 22:44:45 成功将 何瑾萱 转换为 Jinxuan He
2020-05-17 22:44:58,715 - INFO - 22:44:45 成功将 黄文聪 转换为 Wencong Huang
2020-05-17 22:44:58,715 - INFO - 22:44:45 成功将 刘子立 转换为 Zili Liu
2020-05-17 22:44:58,715 - INFO - 22:44:45 成功将 温迪康 转换为 Dikang Wen
2020-05-17 22:44:58,715 - INFO - 22:44:45 成功将 杨知睿 转换为 Zhirui Yang
2020-05-17 22:44:58,715 - INFO - 22:44:45 成功将 蔡森宇 转换为 Senyu Cai
2020-05-17 22:44:58,716 - INFO - 22:44:45 成功将 熊锐 转换为 Rui Xiong
2020-05-17 22:44:58,716 - INFO - 22:44:45 成功将 余凌悦 转换为 Lingyue Yu
2020-05-17 22:44:58,716 - INFO - 22:44:45 成功将 蔡颜意 转换为 Yanyi Cai
2020-05-17 22:44:58,716 - INFO - 22:44:45 成功将 武庆锐 转换为 Qingrui Wu
2020-05-17 22:44:58,716 - INFO - 22:44:45 成功将 尹思齐 转换为 Siqi Yin
2020-05-17 22:44:58,716 - INFO - 22:44:45 成功将 谭云曼 转换为 Yunman Tan
2020-05-17 22:44:58,716 - INFO - 22:44:45 成功将 孟庆睿 转换为 Qingrui Meng
2020-05-17 22:44:58,717 - INFO - 22:44:45 成功将 谢以列 转换为 Yilie Xie
2020-05-17 22:44:58,717 - INFO - 22:44:45 成功将 晋墨青 转换为 Moqing Jin
2020-05-17 22:44:58,717 - INFO - 22:44:45 成功将 唐梓晴 转换为 Ziqing Tang
2020-05-17 22:44:58,717 - INFO - 22:44:45 成功将 罗月 转换为 Yue Luo
2020-05-17 22:44:58,717 - INFO - 22:44:45 成功将 周子妍 转换为 Ziyan Zhou
2020-05-17 22:44:58,717 - INFO - 22:44:45 成功将 张翔睿 转换为 Xiangrui Zhang
2020-05-17 22:44:58,717 - INFO - 22:44:45 成功将 韩承佑 转换为 Chengyou Han
2020-05-17 22:44:58,717 - INFO - 22:44:45 成功将 李紫曦 转换为 Zixi Li
2020-05-17 22:44:58,749 - INFO - 22:44:45 成功生成第1张PPT：Junhao Liao
2020-05-17 22:44:58,751 - INFO - 22:44:45 成功生成第2张PPT：Jinxuan He
2020-05-17 22:44:58,752 - INFO - 22:44:45 成功生成第3张PPT：Wencong Huang
2020-05-17 22:44:58,753 - INFO - 22:44:45 成功生成第4张PPT：Zili Liu
2020-05-17 22:44:58,755 - INFO - 22:44:45 成功生成第5张PPT：Dikang Wen
2020-05-17 22:44:58,756 - INFO - 22:44:45 成功生成第6张PPT：Zhirui Yang
2020-05-17 22:44:58,757 - INFO - 22:44:45 成功生成第7张PPT：Senyu Cai
2020-05-17 22:44:58,759 - INFO - 22:44:45 成功生成第8张PPT：Rui Xiong
2020-05-17 22:44:58,760 - INFO - 22:44:45 成功生成第9张PPT：Lingyue Yu
2020-05-17 22:44:58,761 - INFO - 22:44:45 成功生成第10张PPT：Yanyi Cai
2020-05-17 22:44:58,762 - INFO - 22:44:45 成功生成第11张PPT：Qingrui Wu
2020-05-17 22:44:58,764 - INFO - 22:44:45 成功生成第12张PPT：Siqi Yin
2020-05-17 22:44:58,765 - INFO - 22:44:45 成功生成第13张PPT：Yunman Tan
2020-05-17 22:44:58,766 - INFO - 22:44:45 成功生成第14张PPT：Qingrui Meng
2020-05-17 22:44:58,767 - INFO - 22:44:45 成功生成第15张PPT：Yilie Xie
2020-05-17 22:44:58,769 - INFO - 22:44:45 成功生成第16张PPT：Moqing Jin
2020-05-17 22:44:58,770 - INFO - 22:44:45 成功生成第17张PPT：Ziqing Tang
2020-05-17 22:44:58,772 - INFO - 22:44:45 成功生成第18张PPT：Yue Luo
2020-05-17 22:44:58,773 - INFO - 22:44:45 成功生成第19张PPT：Ziyan Zhou
2020-05-17 22:44:58,774 - INFO - 22:44:45 成功生成第20张PPT：Xiangrui Zhang
2020-05-17 22:44:58,775 - INFO - 22:44:45 成功生成第21张PPT：Chengyou Han
2020-05-17 22:44:58,776 - INFO - 22:44:45 成功生成第22张PPT：Zixi Li
